---
source: src/commands/misc.rs
expression: s
---
0x55957a49502d

0x55d1a7824004
