---
source: src/commands/misc.rs
expression: s
---
0x7ff8fc2ceb25
63 6f 75 6e 74 00 5f 5f  63 6f 75 6e 74 00 5f 5f    count.__rseq_fla
67 73 00 5f 64 6c 5f 61  67                         gs._dl_al

0x7ff8fc3077c4
63 6f 75 6e 74 00 00 00  63 6f 75 6e 74 00 00 00    count...........
00 00 00 00 00 00 00 00  00                         .........

0x7ff8fc3078a9
63 6f 75 6e 74 00 00 00  63 6f 75 6e 74 00 00 00    count...........
00 00 00 00 00 00 00 00  00                         .........


0x7f9c7097eb25
63 6f 75 6e 74 00 5f 5f  63 6f 75 6e 74 00 5f 5f    count.__rseq_fla
67 73 00 5f 64 6c 5f 61  67                         gs._dl_al

0x7f9c709b77c4
63 6f 75 6e 74 00 00 00  63 6f 75 6e 74 00 00 00    count...........
00 00 00 00 00 00 00 00  00                         .........

0x7f9c709b78a9
63 6f 75 6e 74 00 00 00  63 6f 75 6e 74 00 00 00    count...........
00 00 00 00 00 00 00 00  00                         .........
