---
source: src/commands/misc.rs
expression: s
---
0x55957a492028
0x55957a492129
0x55957a492131
0x55957a492139
0x55957a492279
0x55957a492281
0x55957a492289
0x55957a49233c
0x55957a492424
0x55957a492454
...

0x55d1a7821129
0x55d1a7821131
0x55d1a7821139
0x55d1a7821279
0x55d1a7821281
0x55d1a7821289
0x55d1a782133c
0x55d1a782140c
0x55d1a7821424
0x55d1a7821454
...
