---
source: src/elf/elf_file.rs
expression: s
---
/home/vorisek/shopping/app-debug
/usr/lib/x86_64-linux-gnu/libc.so.6
/usr/lib/x86_64-linux-gnu/ld-linux-x86-64.so.2
/usr/lib/x86_64-linux-gnu/ld-linux-x86-64.so.2
