---
source: src/elf/core.rs
expression: s
---
AMD x86-64 on Linux
