---
source: src/elf/elf_file.rs
expression: s
---
SIGSEGV
