---
source: src/elf/elf_file.rs
expression: s
---
AMD x86-64 on Linux
