---
source: src/elf/core.rs
expression: s
---
SIGSEGV
